23:18:52 **** Incremental Build of configuration Debug for project project_toggle ****
make -j10 all 
arm-none-eabi-gcc "../Src/main.c" -mcpu=cortex-m4 -std=gnu11 -g3 -DDEBUG -DSTM32 -DSTM32F407G_DISC1 -DSTM32F4 -DSTM32F407VGTx -c -I../Inc -O0 -ffunction-sections -fdata-sections -Wall -fstack-usage -fcyclomatic-complexity -MMD -MP -MF"Src/main.d" -MT"Src/main.o" --specs=nano.specs -mfpu=fpv4-sp-d16 -mfloat-abi=hard -mthumb -o "Src/main.o"
arm-none-eabi-gcc -o "project_toggle.elf" @"objects.list"   -mcpu=cortex-m4 -T"/Users/shashwat/Desktop/Baremetals/project_toggle/STM32F407VGTX_FLASH.ld" --specs=nosys.specs -Wl,-Map="project_toggle.map" -Wl,--gc-sections -static --specs=nano.specs -mfpu=fpv4-sp-d16 -mfloat-abi=hard -mthumb -Wl,--start-group -lc -lm -Wl,--end-group
Finished building target: project_toggle.elf
 
arm-none-eabi-size  project_toggle.elf 
arm-none-eabi-objdump -h -S project_toggle.elf  > "project_toggle.list"
   text	   data	    bss	    dec	    hex	filename
    756	      0	   1568	   2324	    914	project_toggle.elf
Finished building: default.size.stdout
 
Finished building: project_toggle.list
 
23:19:20 **** Incremental Build of configuration Debug for project project_toggle ****
make -j10 all 
arm-none-eabi-size  project_toggle.elf 
   text	   data	    bss	    dec	    hex	filename
    756	      0	   1568	   2324	    914	project_toggle.elf
Finished building: default.size.stdout
 
23:20:33 **** Incremental Build of configuration Debug for project project_toggle ****
make -j10 all 
arm-none-eabi-gcc "../Src/main.c" -mcpu=cortex-m4 -std=gnu11 -g3 -DDEBUG -DSTM32 -DSTM32F407G_DISC1 -DSTM32F4 -DSTM32F407VGTx -c -I../Inc -O0 -ffunction-sections -fdata-sections -Wall -fstack-usage -fcyclomatic-complexity -MMD -MP -MF"Src/main.d" -MT"Src/main.o" --specs=nano.specs -mfpu=fpv4-sp-d16 -mfloat-abi=hard -mthumb -o "Src/main.o"
arm-none-eabi-gcc -o "project_toggle.elf" @"objects.list"   -mcpu=cortex-m4 -T"/Users/shashwat/Desktop/Baremetals/project_toggle/STM32F407VGTX_FLASH.ld" --specs=nosys.specs -Wl,-Map="project_toggle.map" -Wl,--gc-sections -static --specs=nano.specs -mfpu=fpv4-sp-d16 -mfloat-abi=hard -mthumb -Wl,--start-group -lc -lm -Wl,--end-group
Finished building target: project_toggle.elf
 
arm-none-eabi-size  project_toggle.elf 
arm-none-eabi-objdump -h -S project_toggle.elf  > "project_toggle.list"
   text	   data	    bss	    dec	    hex	filename
    760	      0	   1568	   2328	    918	project_toggle.elf
Finished building: default.size.stdout
 
Finished building: project_toggle.list
 
23:27:39 **** Incremental Build of configuration Debug for project project_toggle ****
make -j10 all 
arm-none-eabi-gcc "../Src/main.c" -mcpu=cortex-m4 -std=gnu11 -g3 -DDEBUG -DSTM32 -DSTM32F407G_DISC1 -DSTM32F4 -DSTM32F407VGTx -c -I../Inc -O0 -ffunction-sections -fdata-sections -Wall -fstack-usage -fcyclomatic-complexity -MMD -MP -MF"Src/main.d" -MT"Src/main.o" --specs=nano.specs -mfpu=fpv4-sp-d16 -mfloat-abi=hard -mthumb -o "Src/main.o"
arm-none-eabi-gcc -o "project_toggle.elf" @"objects.list"   -mcpu=cortex-m4 -T"/Users/shashwat/Desktop/Baremetals/project_toggle/STM32F407VGTX_FLASH.ld" --specs=nosys.specs -Wl,-Map="project_toggle.map" -Wl,--gc-sections -static --specs=nano.specs -mfpu=fpv4-sp-d16 -mfloat-abi=hard -mthumb -Wl,--start-group -lc -lm -Wl,--end-group
Finished building target: project_toggle.elf
 
arm-none-eabi-size  project_toggle.elf 
arm-none-eabi-objdump -h -S project_toggle.elf  > "project_toggle.list"
   text	   data	    bss	    dec	    hex	filename
    760	      0	   1568	   2328	    918	project_toggle.elf
Finished building: default.size.stdout
 
Finished building: project_toggle.list
 
